// Jest Snapshot v1, https://goo.gl/fbAQLP

exports[`Modal Component Render successfully 1`] = `<div />`;
